# Bake Begins!
### (1 of 6) Copy sources
$ cp -a /home/travis/build/fontdirectory/leaguescript/METADATA.json /home/travis/build/fontdirectory/leaguescript/builds/build
$ cp -a /home/travis/build/fontdirectory/leaguescript/DESCRIPTION.en_us.html /home/travis/build/fontdirectory/leaguescript/builds/build
$ cp -a LeagueScript.ttf.ttx src/LeagueScript.otf.ttx src/LeagueScript-TTF.sfd LeagueScript.ttf._p_r_e_p.ttx LeagueScript.ttf._p_o_s_t.ttx LeagueScript.ttf._n_a_m_e.ttx LeagueScript.ttf._m_a_x_p.ttx LeagueScript.ttf._l_o_c_a.ttx LeagueScript.ttf._k_e_r_n.ttx LeagueScript.ttf._h_m_t_x.ttx LeagueScript.ttf._h_h_e_a.ttx LeagueScript.ttf._h_e_a_d.ttx LeagueScript.ttf._g_l_y_f.ttx LeagueScript.ttf._g_a_s_p.ttx LeagueScript.ttf._f_p_g_m.ttx LeagueScript.ttf._c_v_t.ttx LeagueScript.ttf._c_m_a_p.ttx LeagueScript.ttf.O_S_2f_2.ttx LeagueScript.ttf.GlyphOrder.ttx LeagueScript.ttf.G_S_U_B_.ttx LeagueScript.ttf.G_P_O_S_.ttx LeagueScript.ttf.G_D_E_F_.ttx LeagueScript.ttf.F_F_T_M_.ttx LeagueScript.ttf.D_S_I_G_.ttx src/LeagueScript.otf._p_o_s_t.ttx src/LeagueScript.otf._n_a_m_e.ttx src/LeagueScript.otf._m_a_x_p.ttx src/LeagueScript.otf._k_e_r_n.ttx src/LeagueScript.otf._h_m_t_x.ttx src/LeagueScript.otf._h_h_e_a.ttx src/LeagueScript.otf._h_e_a_d.ttx src/LeagueScript.otf._c_m_a_p.ttx src/LeagueScript.otf.O_S_2f_2.ttx src/LeagueScript.otf.GlyphOrder.ttx src/LeagueScript.otf.G_S_U_B_.ttx src/LeagueScript.otf.G_P_O_S_.ttx src/LeagueScript.otf.C_F_F_.ttx /home/travis/build/fontdirectory/leaguescript/builds/build/sources
### (2 of 6) pyfontaine
### (3 of 6) Run upstream tests
$ fontbakery-check.py upstream-repo sources
$ fontaine --collections subsets --text /home/travis/build/fontdirectory/leaguescript/builds/build/sources/LeagueScript.otf.ttx /home/travis/build/fontdirectory/leaguescript/builds/build/sources/LeagueScript.ttf.ttx /home/travis/build/fontdirectory/leaguescript/builds/build/sources/LeagueScript-TTF.sfd > fontaine.txt
WARNING: Please install [PyICU](https://pypi.python.org/pypi/PyICU) toenable [feature], perhaps with: pip install pyicu
pyfontaine error: Not a TrueType or OpenType font (bad sfntVersion)
pyfontaine process has been failed
bakery_lint.tests.upstream.test_prepolation.FontTestPrepolation.test_font_prepolation_glyph_contours(): OK
bakery_lint.tests.upstream.test_prepolation.FontTestPrepolation.test_font_prepolation_glyph_points(): OK
bakery_lint.tests.upstream.test_prepolation.FontTestPrepolation.test_font_test_prepolation_glyph_names(): OK
bakery_lint.tests.upstream.test_diacritic.TestDiacritic.test_diacritic_made_as_component(): OK
bakery_lint.tests.upstream.test_diacritic.TestDiacritic.test_diacritic_made_as_mark_to_mark(): OK
bakery_lint.tests.upstream.test_diacritic.TestDiacritic.test_diacritic_made_as_own_glyphs(): OK
bakery_lint.tests.upstream.test_check_upstream_sources.ProjectUpstreamTestCase.test_bakery_yaml_exists(): OK
bakery_lint.tests.upstream.test_check_upstream_sources.ProjectUpstreamTestCase.test_copyright_notices_same_across_family(): OK
bakery_lint.tests.upstream.test_check_upstream_sources.ProjectUpstreamTestCase.test_description_html_exists(): OK
bakery_lint.tests.upstream.test_check_upstream_sources.ProjectUpstreamTestCase.test_fontlog_txt_exists(): FAIL
bakery_lint.tests.upstream.test_check_upstream_sources.ProjectUpstreamTestCase.test_metadata_json_exists(): OK
$ fontbakery-check.py upstream-ttx LeagueScript.otf.ttx
bakery_lint.tests.upstream.test_glyphname_does_not_contain_disallowed_chars.TestGlyphNameDoesNotContainsDisallowedChars.test_glyphname_does_not_contain_disallowed_chars(): FAIL
bakery_lint.tests.upstream.test_font_filename_eq_familystyle.TestTTFSourceFontFileNameEqualsFamilyStyle.test_source_ttf_font_filename_equals_familystyle(): FAIL
$ mv /home/travis/build/fontdirectory/leaguescript/builds/build/sources/LeagueScript.otf.ttx /home/travis/build/fontdirectory/leaguescript/builds/build/sources/LeagueScriptThin-LeagueScript.ttx
bakery_lint.tests.upstream.test_font_filename_eq_familystyle.TestTTFSourceFontFileNameEqualsFamilyStyle.test_source_ttf_font_filename_equals_familystyle(): OK
bakery_lint.tests.upstream.test_check_ttx_requirements.SourceTTXTest.test_epar_in_keys(): FAIL
bakery_lint.tests.upstream.test_check_ttx_requirements.SourceTTXTest.test_os2_in_keys(): OK
bakery_lint.tests.upstream.test_check_ttx_requirements.SourceTTXTest.test_ttx_doesnt_contain_duplicate_glyphs(): OK
bakery_lint.tests.upstream.test_check_ttx_fontfamily_recommendations.TTX_FontFamilyNamingTest.test_ttx_family_naming_recommendation(): OK
$ fontbakery-check.py upstream-ttx LeagueScript.ttf.ttx
bakery_lint.tests.upstream.test_glyphname_does_not_contain_disallowed_chars.TestGlyphNameDoesNotContainsDisallowedChars.test_glyphname_does_not_contain_disallowed_chars(): FAIL
bakery_lint.tests.upstream.test_font_filename_eq_familystyle.TestTTFSourceFontFileNameEqualsFamilyStyle.test_source_ttf_font_filename_equals_familystyle(): FAIL
$ mv /home/travis/build/fontdirectory/leaguescript/builds/build/sources/LeagueScript.ttf.ttx /home/travis/build/fontdirectory/leaguescript/builds/build/sources/LeagueScript-LeagueScript.ttx
bakery_lint.tests.upstream.test_font_filename_eq_familystyle.TestTTFSourceFontFileNameEqualsFamilyStyle.test_source_ttf_font_filename_equals_familystyle(): OK
bakery_lint.tests.upstream.test_check_ttx_requirements.SourceTTXTest.test_epar_in_keys(): FAIL
bakery_lint.tests.upstream.test_check_ttx_requirements.SourceTTXTest.test_os2_in_keys(): OK
bakery_lint.tests.upstream.test_check_ttx_requirements.SourceTTXTest.test_ttx_doesnt_contain_duplicate_glyphs(): OK
bakery_lint.tests.upstream.test_check_ttx_fontfamily_recommendations.TTX_FontFamilyNamingTest.test_ttx_family_naming_recommendation(): OK
$ fontbakery-check.py upstream LeagueScript-TTF.sfd
bakery_lint.tests.upstream.test_unicode_value_should_appear_only_once_per_font.UnicodeValueShouldAppearOnlyOnce.testUnicodeValue(): ERROR
bakery_lint.tests.upstream.test_font_filename_eq_familystyle.TestTTFSourceFontFileNameEqualsFamilyStyle.test_source_ttf_font_filename_equals_familystyle(): ERROR
bakery_lint.tests.upstream.test_contour_count.TestContourCount.test_contour_count(): ERROR
bakery_lint.tests.upstream.test_check_ufo_requirements.UfoOpenTest.test_has_rupee(): ERROR
bakery_lint.tests.upstream.test_check_ufo_requirements.UfoOpenTest.test_is_A(): ERROR
bakery_lint.tests.upstream.test_check_ufo_requirements.UfoOpenTest.test_is_A_a_glyph_instance(): ERROR
bakery_lint.tests.upstream.test_check_ufo_requirements.UfoOpenTest.test_is_ended_ufo(): ERROR
bakery_lint.tests.upstream.test_check_ufo_requirements.UfoOpenTest.test_is_folder(): ERROR
bakery_lint.tests.upstream.test_check_ufo_requirements.UfoOpenTest.test_is_fsType_eq_1(): ERROR
bakery_lint.tests.upstream.test_check_ufo_requirements.UfoOpenTest.test_it_exists(): ERROR
bakery_lint.tests.upstream.test_check_ufo_fontfamily_recommendations.TestUFOFontFamilyNamingTest.test_familyname_less_than_32_chars(): OK
bakery_lint.tests.upstream.test_check_ufo_fontfamily_recommendations.TestUFOFontFamilyNamingTest.test_fullfontname_less_than_64_chars(): OK
bakery_lint.tests.upstream.test_check_ufo_fontfamily_recommendations.TestUFOFontFamilyNamingTest.test_postscriptname_consistof_allowed_chars(): OK
bakery_lint.tests.upstream.test_check_ufo_fontfamily_recommendations.TestUFOFontFamilyNamingTest.test_postscriptname_less_than_30_chars(): OK
bakery_lint.tests.upstream.test_check_ufo_fontfamily_recommendations.TestUFOFontFamilyNamingTest.test_stylename_less_than_32_chars(): OK
bakery_lint.tests.upstream.test_check_ufo_fontfamily_recommendations.TestUFOFontFamilyNamingTest.test_weight_value_range_between_250_and_900(): OK
### (4 of 6) Convert sources to TTF
$ ttx -d /home/travis/build/fontdirectory/leaguescript/builds/build /home/travis/build/fontdirectory/leaguescript/builds/build/sources/LeagueScript-LeagueScript.ttx /home/travis/build/fontdirectory/leaguescript/builds/build/sources/LeagueScriptThin-LeagueScript.ttx
strippedname:/home/travis/build/fontdirectory/leaguescript/builds/build/sources/LeagueScript-TTF.sfd
Compiling "/home/travis/build/fontdirectory/leaguescript/builds/build/sources/LeagueScript-LeagueScript.ttx" to "/home/travis/build/fontdirectory/leaguescript/builds/build/LeagueScript-LeagueScript.ttf"...
Parsing 'GlyphOrder' table...
Parsing 'head' table...
Parsing 'hhea' table...
Parsing 'maxp' table...
Parsing 'OS/2' table...
Parsing 'hmtx' table...
Parsing 'cmap' table...
Parsing 'fpgm' table...
Parsing 'prep' table...
Parsing 'cvt ' table...
Parsing 'loca' table...
Parsing 'glyf' table...
Parsing 'kern' table...
Parsing 'name' table...
Parsing 'post' table...
Parsing 'gasp' table...
Parsing 'FFTM' table...
Parsing 'GDEF' table...
Parsing 'GPOS' table...
Parsing 'GSUB' table...
Parsing 'DSIG' table...
Compiling "/home/travis/build/fontdirectory/leaguescript/builds/build/sources/LeagueScriptThin-LeagueScript.ttx" to "/home/travis/build/fontdirectory/leaguescript/builds/build/LeagueScriptThin-LeagueScript.otf"...
Parsing 'GlyphOrder' table...
Parsing 'head' table...
Parsing 'hhea' table...
Parsing 'maxp' table...
Parsing 'OS/2' table...
Parsing 'name' table...
Parsing 'cmap' table...
Parsing 'post' table...
Parsing 'CFF ' table...
Parsing 'GPOS' table...
Parsing 'GSUB' table...
Parsing 'hmtx' table...
Parsing 'kern' table...
### Test LeagueScript-LeagueScript.ttf
$ fontbakery-check.py result LeagueScript-LeagueScript.ttf
bakery_lint.tests.downstream.test_names_are_ascii_only.CheckNamesAreASCIIOnly.test_check_names_are_ascii_only(): OK
bakery_lint.tests.downstream.test_gpos_table_has_kerning_info.CheckGposTableHasKerningInfo.test_gpos_table_has_kerning_info(): OK
bakery_lint.tests.downstream.test_gasp_table_value.CheckGaspTableType.test_check_gasp_table_type(): FAIL
$ fontbakery-fix-gasp.py --set=15 /home/travis/build/fontdirectory/leaguescript/builds/build/LeagueScript-LeagueScript.ttf
$ mv /home/travis/build/fontdirectory/leaguescript/builds/build/LeagueScript-LeagueScript.ttf.fix /home/travis/build/fontdirectory/leaguescript/builds/build/LeagueScript-LeagueScript.ttf
bakery_lint.tests.downstream.test_gasp_table_value.CheckGaspTableType.test_check_gasp_table_type(): OK
$ fontbakery-fix-gasp.py --set=15 /home/travis/build/fontdirectory/leaguescript/builds/build/LeagueScript-LeagueScript.ttf
$ mv /home/travis/build/fontdirectory/leaguescript/builds/build/LeagueScript-LeagueScript.ttf.fix /home/travis/build/fontdirectory/leaguescript/builds/build/LeagueScript-LeagueScript.ttf
The following table(s) in the font have been ignored by FontForge
  Ignoring 'DSIG' digital signature table
This font contains both a 'kern' table and a 'GPOS' table.
  The 'kern' table will only be read if there is no 'kern' feature in 'GPOS'.
bakery_lint.tests.downstream.test_fontforge_validation_state.FontForgeValidateStateTest.test_allowed_numbers_paths_in_composite_glyphs(): OK
bakery_lint.tests.downstream.test_fontforge_validation_state.FontForgeValidateStateTest.test_allowed_numbers_paths_in_glyphs(): OK
bakery_lint.tests.downstream.test_fontforge_validation_state.FontForgeValidateStateTest.test_allowed_numbers_points_in_composite_glyphs(): OK
bakery_lint.tests.downstream.test_fontforge_validation_state.FontForgeValidateStateTest.test_allowed_numbers_points_in_glyphs(): OK
bakery_lint.tests.downstream.test_fontforge_validation_state.FontForgeValidateStateTest.test_duplicate_glyphs(): OK
bakery_lint.tests.downstream.test_fontforge_validation_state.FontForgeValidateStateTest.test_duplicate_unicode_codepoints(): OK
bakery_lint.tests.downstream.test_fontforge_validation_state.FontForgeValidateStateTest.test_flipped_reference_in_glyphs(): OK
bakery_lint.tests.downstream.test_fontforge_validation_state.FontForgeValidateStateTest.test_missing_anchors(): OK
bakery_lint.tests.downstream.test_fontforge_validation_state.FontForgeValidateStateTest.test_missing_extrema_in_glyphs(): FAIL
bakery_lint.tests.downstream.test_fontforge_validation_state.FontForgeValidateStateTest.test_overlapped_hints(): OK
bakery_lint.tests.downstream.test_fontforge_validation_state.FontForgeValidateStateTest.test_points_are_integer_aligned(): OK
bakery_lint.tests.downstream.test_fontforge_validation_state.FontForgeValidateStateTest.test_points_are_not_too_far_apart(): OK
bakery_lint.tests.downstream.test_fontforge_validation_state.FontForgeValidateStateTest.test_postscript_hasnt_limit_hints_in_glyphs(): OK
bakery_lint.tests.downstream.test_fontforge_validation_state.FontForgeValidateStateTest.test_postscript_hasnt_limit_points_in_glyphs(): OK
bakery_lint.tests.downstream.test_fontforge_validation_state.FontForgeValidateStateTest.test_referenced_glyphs_are_present(): OK
bakery_lint.tests.downstream.test_fontforge_validation_state.FontForgeValidateStateTest.test_valid_glyph_names(): OK
bakery_lint.tests.downstream.test_fontforge_validation_state.FontForgeValidateStateTest.test_valid_length_instructions(): OK
bakery_lint.tests.downstream.test_fontforge_validation_state.FontForgeValidateStateTest.test_validation_glyph_intersect(): FAIL
bakery_lint.tests.downstream.test_fontforge_validation_state.FontForgeValidateStateTest.test_validation_open_contours(): OK
bakery_lint.tests.downstream.test_fontforge_validation_state.FontForgeValidateStateTest.test_wrong_direction_in_glyphs(): FAIL
bakery_lint.tests.downstream.test_check_vertical_metrics.CheckVerticalLinegapMetrics.test_metrics_linegaps_are_zero(): OK
bakery_lint.tests.downstream.test_check_vertical_metrics.CheckVerticalAscentMetrics.test_metrics_ascents_equal_bbox(): FAIL
$ fontbakery-fix-vertical-metrics.py --autofix /home/travis/build/fontdirectory/leaguescript/builds/build/LeagueScript-LeagueScript.ttf /home/travis/build/fontdirectory/leaguescript/builds/build/LeagueScriptThin-LeagueScript.otf
$ mv /home/travis/build/fontdirectory/leaguescript/builds/build/LeagueScript-LeagueScript.ttf.fix /home/travis/build/fontdirectory/leaguescript/builds/build/LeagueScript-LeagueScript.ttf
$ mv /home/travis/build/fontdirectory/leaguescript/builds/build/LeagueScriptThin-LeagueScript.otf.fix /home/travis/build/fontdirectory/leaguescript/builds/build/LeagueScriptThin-LeagueScript.otf
$ fontbakery-fix-vertical-metrics.py /home/travis/build/fontdirectory/leaguescript/builds/build/LeagueScript-LeagueScript.ttf /home/travis/build/fontdirectory/leaguescript/builds/build/LeagueScriptThin-LeagueScript.otf
Parameter              LeagueScript-LeagueScript.ttf    LeagueScriptThin-LeagueScript.otf    
ymax                   1315                             1316                                 
hhea.ascent            1316                             1316                                 
OS/2.sTypoAscender     1316                             1316                                 
OS/2.usWinAscent       1316                             1316                                 
ymin                   -598                             -598                                 
hhea.descent           -598                             -598                                 
OS/2.sTypoDescender    -598                             -598                                 
OS/2.usWinDescent      598                              598                                  
hhea.lineGap           0                                0                                    
OS/2.sTypoLineGap      0                                0                                    
hhea total             1914                             1914                                 
typo total             1914                             1914                                 
win total              1914                             1914                                 
UPM:Heights            1536:1913                        1000:1914                            
UPM:Heights %          124 %                            191 %                                


bakery_lint.tests.downstream.test_check_vertical_metrics.CheckVerticalAscentMetrics.test_metrics_ascents_equal_bbox(): OK
bakery_lint.tests.downstream.test_check_vertical_metrics.CheckVerticalDescentMetrics.test_metrics_descents_equal_bbox(): OK
bakery_lint.tests.downstream.test_check_upm_heights_less_120.TestCheckUPMHeightsLess120.test_check_upm_heigths_less_120(): FAIL
bakery_lint.tests.downstream.test_check_unused_glyph_data.CheckUnusedGlyphData.test_check_unused_glyph_data(): ERROR
bakery_lint.tests.downstream.test_check_unencoded_glyph.TestFontUnencodedGlyph.test_font_unencoded_glyphs(): FAIL
$ fontbakery-fix-glyph-private-encoding.py --autofix /home/travis/build/fontdirectory/leaguescript/builds/build/LeagueScript-LeagueScript.ttf
$ mv /home/travis/build/fontdirectory/leaguescript/builds/build/LeagueScript-LeagueScript.ttf.fix /home/travis/build/fontdirectory/leaguescript/builds/build/LeagueScript-LeagueScript.ttf
bakery_lint.tests.downstream.test_check_unencoded_glyph.TestFontUnencodedGlyph.test_font_unencoded_glyphs(): FAIL
bakery_lint.tests.downstream.test_check_panose_identification.CheckPanoseIdentification.test_check_panose_identification(): OK
bakery_lint.tests.downstream.test_check_os2_width_class.CheckOS2WidthClass.test_check_os2_width_class(): OK
bakery_lint.tests.downstream.test_check_no_problematic_formats.CheckNoProblematicFormats.test_check_no_problematic_formats(): OK
bakery_lint.tests.downstream.test_check_nbsp_width_matches_sp_width.CheckNbspWidthMatchesSpWidth.test_check_nbsp_width_matches_sp_width(): FAIL
$ fontbakery-fix-nbsp.py /home/travis/build/fontdirectory/leaguescript/builds/build/LeagueScript-LeagueScript.ttf
$ mv /home/travis/build/fontdirectory/leaguescript/builds/build/LeagueScript-LeagueScript.ttf.fix /home/travis/build/fontdirectory/leaguescript/builds/build/LeagueScript-LeagueScript.ttf
bakery_lint.tests.downstream.test_check_nbsp_width_matches_sp_width.CheckNbspWidthMatchesSpWidth.test_check_nbsp_width_matches_sp_width(): FAIL
bakery_lint.tests.downstream.test_check_names_same_across_platforms.CheckNamesSameAcrossPlatforms.test_check_names_same_across_platforms(): OK
bakery_lint.tests.downstream.test_check_name_table_recommendation.CheckStyleNameRecommendation.test_check_stylename_is_under_recommendations(): FAIL
$ fontbakery-fix-opentype-names.py /home/travis/build/fontdirectory/leaguescript/builds/build/LeagueScript-LeagueScript.ttf
$ mv /home/travis/build/fontdirectory/leaguescript/builds/build/LeagueScript-LeagueScript.ttf.fix /home/travis/build/fontdirectory/leaguescript/builds/build/LeagueScript-LeagueScript.ttf
bakery_lint.tests.downstream.test_check_name_table_recommendation.CheckStyleNameRecommendation.test_check_stylename_is_under_recommendations(): FAIL
bakery_lint.tests.downstream.test_check_name_table_recommendation.CheckOTFamilyNameRecommendation.test_check_opentype_familyname(): OK
bakery_lint.tests.downstream.test_check_name_table_recommendation.CheckOTStyleNameRecommendation.test_check_opentype_stylename(): FAIL
$ fontbakery-fix-opentype-names.py /home/travis/build/fontdirectory/leaguescript/builds/build/LeagueScript-LeagueScript.ttf
$ mv /home/travis/build/fontdirectory/leaguescript/builds/build/LeagueScript-LeagueScript.ttf.fix /home/travis/build/fontdirectory/leaguescript/builds/build/LeagueScript-LeagueScript.ttf
bakery_lint.tests.downstream.test_check_name_table_recommendation.CheckOTStyleNameRecommendation.test_check_opentype_stylename(): FAIL
bakery_lint.tests.downstream.test_check_name_table_recommendation.CheckOTFullNameRecommendation.test_check_opentype_fullname(): OK
bakery_lint.tests.downstream.test_check_magic_prep_code.CheckMagicPREPByteCode.test_prep_magic_code(): FAIL
bakery_lint.tests.downstream.test_check_license_included.CheckLicenseIncluded.test_license_included_in_font_names(): OK
bakery_lint.tests.downstream.test_check_italic_angle_agreement.CheckItalicAngleAgreement.test_check_italic_angle_agreement(): OK
bakery_lint.tests.downstream.test_check_hmtx_hhea_max_advance_width_agreement.CheckHmtxHheaMaxAdvanceWidthAgreement.test_check_hmtx_hhea_max_advance_width_agreement(): OK
bakery_lint.tests.downstream.test_check_glyph_existence.CheckGlyphExistence.test_euro(): OK
bakery_lint.tests.downstream.test_check_glyph_existence.CheckGlyphExistence.test_nbsp(): OK
bakery_lint.tests.downstream.test_check_glyph_existence.CheckGlyphExistence.test_space(): OK
bakery_lint.tests.downstream.test_check_glyf_table_length.CheckGlyfTableLength.test_check_glyf_table_length(): FAIL
bakery_lint.tests.downstream.test_check_full_font_name_begins_with_family_name.CheckFullFontNameBeginsWithFamilyName.test_check_full_font_name_begins_with_family_name(): OK
bakery_lint.tests.downstream.test_check_fontname_matches_macstyle.CheckFontNameEqualToMacStyleFlags.test_fontname_is_equal_to_macstyle(): FAIL
bakery_lint.tests.downstream.test_check_font_tables.CheckFontHasDsigTable.test_check_font_has_dsig_table(): OK
bakery_lint.tests.downstream.test_check_font_tables.CheckFontHasNotKernTable.test_no_kern_table_exists(): OK
bakery_lint.tests.downstream.test_check_font_agreements.CheckFsTypeIsNotSet.test_is_fstype_not_set(): OK
$ fontbakery-fix-fstype.py --autofix /home/travis/build/fontdirectory/leaguescript/builds/build/LeagueScript-LeagueScript.ttf
$ mv /home/travis/build/fontdirectory/leaguescript/builds/build/LeagueScript-LeagueScript.ttf.fix /home/travis/build/fontdirectory/leaguescript/builds/build/LeagueScript-LeagueScript.ttf
bakery_lint.tests.downstream.test_check_font_agreements.CheckFontAgreements.test_em_is_1000(): FAIL
bakery_lint.tests.downstream.test_check_font_agreements.CheckFontAgreements.test_font_is_font(): OK
bakery_lint.tests.downstream.test_check_font_agreements.CheckFontAgreements.test_latin_file_exists(): FAIL
bakery_lint.tests.downstream.test_check_font_agreements.CheckFontAgreements.test_menu_file_exists(): FAIL
### Optimize TTF LeagueScript-LeagueScript.ttf
$ ls -l 'LeagueScript-LeagueScript.ttf'* # look at the size savings of that subset process
LeagueScript-LeagueScript.ttf.opt: 65216 bytes
LeagueScript-LeagueScript.ttf: 69336 bytes
$ mv /home/travis/build/fontdirectory/leaguescript/builds/build/LeagueScript-LeagueScript.ttf.opt /home/travis/build/fontdirectory/leaguescript/builds/build/LeagueScript-LeagueScript.ttf
### Autohint TTFs (ttfautohint) LeagueScript-LeagueScript.ttf
$ ttfautohint -l 7 -r 28 -G 50 -x 13 -w "G" /home/travis/build/fontdirectory/leaguescript/builds/build/LeagueScript-LeagueScript.ttf '/home/travis/build/fontdirectory/leaguescript/builds/build/LeagueScript-LeagueScript.autohint.ttf'

$ ls -l /home/travis/build/fontdirectory/leaguescript/builds/build/LeagueScript-LeagueScript.*ttf # look at the size savings of that subset process
/home/travis/build/fontdirectory/leaguescript/builds/build/LeagueScript-LeagueScript.ttf: 65216 bytes
/home/travis/build/fontdirectory/leaguescript/builds/build/LeagueScript-LeagueScript.autohint.ttf: 68928 bytes
$ mv /home/travis/build/fontdirectory/leaguescript/builds/build/LeagueScript-LeagueScript.autohint.ttf /home/travis/build/fontdirectory/leaguescript/builds/build/LeagueScript-LeagueScript.ttf
### Subset TTFs (pyftsubset) LeagueScript-LeagueScript.ttf
$ pyftsubset LeagueScript-LeagueScript.latin
$ pyftsubset LeagueScript-LeagueScript.menu
strippedname:/home/travis/build/fontdirectory/leaguescript/builds/build/LeagueScript-LeagueScript.ttf
spaceWidth is    412
nbspWidth is     412
Nothing to do
$ fontbakery-build-font2ttf.py sources/LeagueScriptThin-LeagueScript.otf LeagueScriptThin-LeagueScript.ttf
This font contains both a 'kern' table and a 'GPOS' table.
  The 'kern' table will only be read if there is no 'kern' feature in 'GPOS'.
In LeagueScriptThin-Regular, the advance width (64302) for glyph bt is greater than the maximum (1800)
  Subsequent errors will not be reported.
In LeagueScriptThin-Regular, in glyph bt, 'CFF ' advance width (-1234) and
  'hmtx' width (64302) do not match. (Subsequent mismatches will not be reported)
Success: Generated OpenType-TTF (/home/travis/build/fontdirectory/leaguescript/builds/build/LeagueScriptThin-LeagueScript.ttf)
strippedname:/home/travis/build/fontdirectory/leaguescript/builds/build/LeagueScriptThin-LeagueScript.otf
### Test LeagueScriptThin-LeagueScript.ttf
$ fontbakery-check.py result LeagueScriptThin-LeagueScript.ttf
bakery_lint.tests.downstream.test_names_are_ascii_only.CheckNamesAreASCIIOnly.test_check_names_are_ascii_only(): OK
bakery_lint.tests.downstream.test_gpos_table_has_kerning_info.CheckGposTableHasKerningInfo.test_gpos_table_has_kerning_info(): OK
bakery_lint.tests.downstream.test_gasp_table_value.CheckGaspTableType.test_check_gasp_table_type(): FAIL
$ fontbakery-fix-gasp.py --set=15 /home/travis/build/fontdirectory/leaguescript/builds/build/LeagueScriptThin-LeagueScript.ttf
$ mv /home/travis/build/fontdirectory/leaguescript/builds/build/LeagueScriptThin-LeagueScript.ttf.fix /home/travis/build/fontdirectory/leaguescript/builds/build/LeagueScriptThin-LeagueScript.ttf
bakery_lint.tests.downstream.test_gasp_table_value.CheckGaspTableType.test_check_gasp_table_type(): OK
$ fontbakery-fix-gasp.py --set=15 /home/travis/build/fontdirectory/leaguescript/builds/build/LeagueScriptThin-LeagueScript.ttf
$ mv /home/travis/build/fontdirectory/leaguescript/builds/build/LeagueScriptThin-LeagueScript.ttf.fix /home/travis/build/fontdirectory/leaguescript/builds/build/LeagueScriptThin-LeagueScript.ttf
The following table(s) in the font have been ignored by FontForge
  Ignoring 'DSIG' digital signature table
bakery_lint.tests.downstream.test_fontforge_validation_state.FontForgeValidateStateTest.test_allowed_numbers_paths_in_composite_glyphs(): OK
bakery_lint.tests.downstream.test_fontforge_validation_state.FontForgeValidateStateTest.test_allowed_numbers_paths_in_glyphs(): OK
bakery_lint.tests.downstream.test_fontforge_validation_state.FontForgeValidateStateTest.test_allowed_numbers_points_in_composite_glyphs(): OK
bakery_lint.tests.downstream.test_fontforge_validation_state.FontForgeValidateStateTest.test_allowed_numbers_points_in_glyphs(): OK
bakery_lint.tests.downstream.test_fontforge_validation_state.FontForgeValidateStateTest.test_duplicate_glyphs(): OK
bakery_lint.tests.downstream.test_fontforge_validation_state.FontForgeValidateStateTest.test_duplicate_unicode_codepoints(): OK
bakery_lint.tests.downstream.test_fontforge_validation_state.FontForgeValidateStateTest.test_flipped_reference_in_glyphs(): OK
bakery_lint.tests.downstream.test_fontforge_validation_state.FontForgeValidateStateTest.test_missing_anchors(): OK
bakery_lint.tests.downstream.test_fontforge_validation_state.FontForgeValidateStateTest.test_missing_extrema_in_glyphs(): FAIL
bakery_lint.tests.downstream.test_fontforge_validation_state.FontForgeValidateStateTest.test_overlapped_hints(): OK
bakery_lint.tests.downstream.test_fontforge_validation_state.FontForgeValidateStateTest.test_points_are_integer_aligned(): OK
bakery_lint.tests.downstream.test_fontforge_validation_state.FontForgeValidateStateTest.test_points_are_not_too_far_apart(): OK
bakery_lint.tests.downstream.test_fontforge_validation_state.FontForgeValidateStateTest.test_postscript_hasnt_limit_hints_in_glyphs(): OK
bakery_lint.tests.downstream.test_fontforge_validation_state.FontForgeValidateStateTest.test_postscript_hasnt_limit_points_in_glyphs(): OK
bakery_lint.tests.downstream.test_fontforge_validation_state.FontForgeValidateStateTest.test_referenced_glyphs_are_present(): OK
bakery_lint.tests.downstream.test_fontforge_validation_state.FontForgeValidateStateTest.test_valid_glyph_names(): OK
bakery_lint.tests.downstream.test_fontforge_validation_state.FontForgeValidateStateTest.test_valid_length_instructions(): OK
bakery_lint.tests.downstream.test_fontforge_validation_state.FontForgeValidateStateTest.test_validation_glyph_intersect(): FAIL
bakery_lint.tests.downstream.test_fontforge_validation_state.FontForgeValidateStateTest.test_validation_open_contours(): OK
bakery_lint.tests.downstream.test_fontforge_validation_state.FontForgeValidateStateTest.test_wrong_direction_in_glyphs(): OK
bakery_lint.tests.downstream.test_check_vertical_metrics.CheckVerticalLinegapMetrics.test_metrics_linegaps_are_zero(): OK
bakery_lint.tests.downstream.test_check_vertical_metrics.CheckVerticalAscentMetrics.test_metrics_ascents_equal_bbox(): OK
bakery_lint.tests.downstream.test_check_vertical_metrics.CheckVerticalDescentMetrics.test_metrics_descents_equal_bbox(): OK
bakery_lint.tests.downstream.test_check_upm_heights_less_120.TestCheckUPMHeightsLess120.test_check_upm_heigths_less_120(): FAIL
bakery_lint.tests.downstream.test_check_unused_glyph_data.CheckUnusedGlyphData.test_check_unused_glyph_data(): ERROR
bakery_lint.tests.downstream.test_check_unencoded_glyph.TestFontUnencodedGlyph.test_font_unencoded_glyphs(): FAIL
$ fontbakery-fix-glyph-private-encoding.py --autofix /home/travis/build/fontdirectory/leaguescript/builds/build/LeagueScriptThin-LeagueScript.ttf
$ mv /home/travis/build/fontdirectory/leaguescript/builds/build/LeagueScriptThin-LeagueScript.ttf.fix /home/travis/build/fontdirectory/leaguescript/builds/build/LeagueScriptThin-LeagueScript.ttf
bakery_lint.tests.downstream.test_check_unencoded_glyph.TestFontUnencodedGlyph.test_font_unencoded_glyphs(): FAIL
bakery_lint.tests.downstream.test_check_panose_identification.CheckPanoseIdentification.test_check_panose_identification(): OK
bakery_lint.tests.downstream.test_check_os2_width_class.CheckOS2WidthClass.test_check_os2_width_class(): OK
bakery_lint.tests.downstream.test_check_no_problematic_formats.CheckNoProblematicFormats.test_check_no_problematic_formats(): OK
bakery_lint.tests.downstream.test_check_nbsp_width_matches_sp_width.CheckNbspWidthMatchesSpWidth.test_check_nbsp_width_matches_sp_width(): FAIL
$ fontbakery-fix-nbsp.py /home/travis/build/fontdirectory/leaguescript/builds/build/LeagueScriptThin-LeagueScript.ttf
$ mv /home/travis/build/fontdirectory/leaguescript/builds/build/LeagueScriptThin-LeagueScript.ttf.fix /home/travis/build/fontdirectory/leaguescript/builds/build/LeagueScriptThin-LeagueScript.ttf
bakery_lint.tests.downstream.test_check_nbsp_width_matches_sp_width.CheckNbspWidthMatchesSpWidth.test_check_nbsp_width_matches_sp_width(): FAIL
bakery_lint.tests.downstream.test_check_names_same_across_platforms.CheckNamesSameAcrossPlatforms.test_check_names_same_across_platforms(): OK
bakery_lint.tests.downstream.test_check_name_table_recommendation.CheckStyleNameRecommendation.test_check_stylename_is_under_recommendations(): FAIL
$ fontbakery-fix-opentype-names.py /home/travis/build/fontdirectory/leaguescript/builds/build/LeagueScriptThin-LeagueScript.ttf
$ mv /home/travis/build/fontdirectory/leaguescript/builds/build/LeagueScriptThin-LeagueScript.ttf.fix /home/travis/build/fontdirectory/leaguescript/builds/build/LeagueScriptThin-LeagueScript.ttf
bakery_lint.tests.downstream.test_check_name_table_recommendation.CheckStyleNameRecommendation.test_check_stylename_is_under_recommendations(): FAIL
bakery_lint.tests.downstream.test_check_name_table_recommendation.CheckOTFamilyNameRecommendation.test_check_opentype_familyname(): OK
bakery_lint.tests.downstream.test_check_name_table_recommendation.CheckOTStyleNameRecommendation.test_check_opentype_stylename(): FAIL
$ fontbakery-fix-opentype-names.py /home/travis/build/fontdirectory/leaguescript/builds/build/LeagueScriptThin-LeagueScript.ttf
$ mv /home/travis/build/fontdirectory/leaguescript/builds/build/LeagueScriptThin-LeagueScript.ttf.fix /home/travis/build/fontdirectory/leaguescript/builds/build/LeagueScriptThin-LeagueScript.ttf
bakery_lint.tests.downstream.test_check_name_table_recommendation.CheckOTStyleNameRecommendation.test_check_opentype_stylename(): FAIL
bakery_lint.tests.downstream.test_check_name_table_recommendation.CheckOTFullNameRecommendation.test_check_opentype_fullname(): OK
bakery_lint.tests.downstream.test_check_magic_prep_code.CheckMagicPREPByteCode.test_prep_magic_code(): FAIL
bakery_lint.tests.downstream.test_check_license_included.CheckLicenseIncluded.test_license_included_in_font_names(): OK
bakery_lint.tests.downstream.test_check_italic_angle_agreement.CheckItalicAngleAgreement.test_check_italic_angle_agreement(): OK
bakery_lint.tests.downstream.test_check_hmtx_hhea_max_advance_width_agreement.CheckHmtxHheaMaxAdvanceWidthAgreement.test_check_hmtx_hhea_max_advance_width_agreement(): OK
bakery_lint.tests.downstream.test_check_glyph_existence.CheckGlyphExistence.test_euro(): OK
bakery_lint.tests.downstream.test_check_glyph_existence.CheckGlyphExistence.test_nbsp(): OK
bakery_lint.tests.downstream.test_check_glyph_existence.CheckGlyphExistence.test_space(): OK
bakery_lint.tests.downstream.test_check_glyf_table_length.CheckGlyfTableLength.test_check_glyf_table_length(): FAIL
bakery_lint.tests.downstream.test_check_full_font_name_begins_with_family_name.CheckFullFontNameBeginsWithFamilyName.test_check_full_font_name_begins_with_family_name(): FAIL
bakery_lint.tests.downstream.test_check_fontname_matches_macstyle.CheckFontNameEqualToMacStyleFlags.test_fontname_is_equal_to_macstyle(): OK
bakery_lint.tests.downstream.test_check_font_tables.CheckFontHasDsigTable.test_check_font_has_dsig_table(): OK
bakery_lint.tests.downstream.test_check_font_tables.CheckFontHasNotKernTable.test_no_kern_table_exists(): OK
bakery_lint.tests.downstream.test_check_font_agreements.CheckFsTypeIsNotSet.test_is_fstype_not_set(): OK
$ fontbakery-fix-fstype.py --autofix /home/travis/build/fontdirectory/leaguescript/builds/build/LeagueScriptThin-LeagueScript.ttf
$ mv /home/travis/build/fontdirectory/leaguescript/builds/build/LeagueScriptThin-LeagueScript.ttf.fix /home/travis/build/fontdirectory/leaguescript/builds/build/LeagueScriptThin-LeagueScript.ttf
bakery_lint.tests.downstream.test_check_font_agreements.CheckFontAgreements.test_em_is_1000(): OK
bakery_lint.tests.downstream.test_check_font_agreements.CheckFontAgreements.test_font_is_font(): OK
bakery_lint.tests.downstream.test_check_font_agreements.CheckFontAgreements.test_latin_file_exists(): FAIL
bakery_lint.tests.downstream.test_check_font_agreements.CheckFontAgreements.test_menu_file_exists(): FAIL
### Optimize TTF LeagueScriptThin-LeagueScript.ttf
$ ls -l 'LeagueScriptThin-LeagueScript.ttf'* # look at the size savings of that subset process
LeagueScriptThin-LeagueScript.ttf.opt: 52612 bytes
LeagueScriptThin-LeagueScript.ttf: 53952 bytes
$ mv /home/travis/build/fontdirectory/leaguescript/builds/build/LeagueScriptThin-LeagueScript.ttf.opt /home/travis/build/fontdirectory/leaguescript/builds/build/LeagueScriptThin-LeagueScript.ttf
### Autohint TTFs (ttfautohint) LeagueScriptThin-LeagueScript.ttf
$ ttfautohint -l 7 -r 28 -G 50 -x 13 -w "G" /home/travis/build/fontdirectory/leaguescript/builds/build/LeagueScriptThin-LeagueScript.ttf '/home/travis/build/fontdirectory/leaguescript/builds/build/LeagueScriptThin-LeagueScript.autohint.ttf'

$ ls -l /home/travis/build/fontdirectory/leaguescript/builds/build/LeagueScriptThin-LeagueScript.*ttf # look at the size savings of that subset process
/home/travis/build/fontdirectory/leaguescript/builds/build/LeagueScriptThin-LeagueScript.ttf: 52612 bytes
/home/travis/build/fontdirectory/leaguescript/builds/build/LeagueScriptThin-LeagueScript.autohint.ttf: 88528 bytes
$ mv /home/travis/build/fontdirectory/leaguescript/builds/build/LeagueScriptThin-LeagueScript.autohint.ttf /home/travis/build/fontdirectory/leaguescript/builds/build/LeagueScriptThin-LeagueScript.ttf
### Subset TTFs (pyftsubset) LeagueScriptThin-LeagueScript.ttf
$ pyftsubset LeagueScriptThin-LeagueScript.latin
$ pyftsubset LeagueScriptThin-LeagueScript.menu
strippedname:/home/travis/build/fontdirectory/leaguescript/builds/build/LeagueScriptThin-LeagueScript.ttf
No nbsp glyph
spaceWidth is    412
nbspWidth is     0
LeagueScriptThin-LeagueScript.ttf.fix made with spaceWidth and nbspWidth of 412
$ fontbakery-build-font2ttf.py sources/LeagueScript-TTF.sfd LeagueScript-TTF.ttf
Success: Generated OpenType-TTF (/home/travis/build/fontdirectory/leaguescript/builds/build/LeagueScript-TTF.ttf)
### Test LeagueScript-TTF.ttf
$ fontbakery-check.py result LeagueScript-TTF.ttf
bakery_lint.tests.downstream.test_names_are_ascii_only.CheckNamesAreASCIIOnly.test_check_names_are_ascii_only(): OK
bakery_lint.tests.downstream.test_gpos_table_has_kerning_info.CheckGposTableHasKerningInfo.test_gpos_table_has_kerning_info(): OK
bakery_lint.tests.downstream.test_gasp_table_value.CheckGaspTableType.test_check_gasp_table_type(): FAIL
$ fontbakery-fix-gasp.py --set=15 /home/travis/build/fontdirectory/leaguescript/builds/build/LeagueScript-TTF.ttf
$ mv /home/travis/build/fontdirectory/leaguescript/builds/build/LeagueScript-TTF.ttf.fix /home/travis/build/fontdirectory/leaguescript/builds/build/LeagueScript-TTF.ttf
bakery_lint.tests.downstream.test_gasp_table_value.CheckGaspTableType.test_check_gasp_table_type(): OK
$ fontbakery-fix-gasp.py --set=15 /home/travis/build/fontdirectory/leaguescript/builds/build/LeagueScript-TTF.ttf
$ mv /home/travis/build/fontdirectory/leaguescript/builds/build/LeagueScript-TTF.ttf.fix /home/travis/build/fontdirectory/leaguescript/builds/build/LeagueScript-TTF.ttf
The following table(s) in the font have been ignored by FontForge
  Ignoring 'DSIG' digital signature table
bakery_lint.tests.downstream.test_fontforge_validation_state.FontForgeValidateStateTest.test_allowed_numbers_paths_in_composite_glyphs(): OK
bakery_lint.tests.downstream.test_fontforge_validation_state.FontForgeValidateStateTest.test_allowed_numbers_paths_in_glyphs(): OK
bakery_lint.tests.downstream.test_fontforge_validation_state.FontForgeValidateStateTest.test_allowed_numbers_points_in_composite_glyphs(): OK
bakery_lint.tests.downstream.test_fontforge_validation_state.FontForgeValidateStateTest.test_allowed_numbers_points_in_glyphs(): OK
bakery_lint.tests.downstream.test_fontforge_validation_state.FontForgeValidateStateTest.test_duplicate_glyphs(): OK
bakery_lint.tests.downstream.test_fontforge_validation_state.FontForgeValidateStateTest.test_duplicate_unicode_codepoints(): OK
bakery_lint.tests.downstream.test_fontforge_validation_state.FontForgeValidateStateTest.test_flipped_reference_in_glyphs(): OK
bakery_lint.tests.downstream.test_fontforge_validation_state.FontForgeValidateStateTest.test_missing_anchors(): OK
bakery_lint.tests.downstream.test_fontforge_validation_state.FontForgeValidateStateTest.test_missing_extrema_in_glyphs(): FAIL
bakery_lint.tests.downstream.test_fontforge_validation_state.FontForgeValidateStateTest.test_overlapped_hints(): OK
bakery_lint.tests.downstream.test_fontforge_validation_state.FontForgeValidateStateTest.test_points_are_integer_aligned(): OK
bakery_lint.tests.downstream.test_fontforge_validation_state.FontForgeValidateStateTest.test_points_are_not_too_far_apart(): OK
bakery_lint.tests.downstream.test_fontforge_validation_state.FontForgeValidateStateTest.test_postscript_hasnt_limit_hints_in_glyphs(): OK
bakery_lint.tests.downstream.test_fontforge_validation_state.FontForgeValidateStateTest.test_postscript_hasnt_limit_points_in_glyphs(): OK
bakery_lint.tests.downstream.test_fontforge_validation_state.FontForgeValidateStateTest.test_referenced_glyphs_are_present(): OK
bakery_lint.tests.downstream.test_fontforge_validation_state.FontForgeValidateStateTest.test_valid_glyph_names(): OK
bakery_lint.tests.downstream.test_fontforge_validation_state.FontForgeValidateStateTest.test_valid_length_instructions(): OK
bakery_lint.tests.downstream.test_fontforge_validation_state.FontForgeValidateStateTest.test_validation_glyph_intersect(): FAIL
bakery_lint.tests.downstream.test_fontforge_validation_state.FontForgeValidateStateTest.test_validation_open_contours(): OK
bakery_lint.tests.downstream.test_fontforge_validation_state.FontForgeValidateStateTest.test_wrong_direction_in_glyphs(): OK
bakery_lint.tests.downstream.test_check_vertical_metrics.CheckVerticalLinegapMetrics.test_metrics_linegaps_are_zero(): OK
bakery_lint.tests.downstream.test_check_vertical_metrics.CheckVerticalAscentMetrics.test_metrics_ascents_equal_bbox(): FAIL
$ fontbakery-fix-vertical-metrics.py --autofix /home/travis/build/fontdirectory/leaguescript/builds/build/LeagueScript-TTF.ttf /home/travis/build/fontdirectory/leaguescript/builds/build/LeagueScriptThin-LeagueScript.ttf /home/travis/build/fontdirectory/leaguescript/builds/build/LeagueScript-LeagueScript.ttf
$ mv /home/travis/build/fontdirectory/leaguescript/builds/build/LeagueScript-TTF.ttf.fix /home/travis/build/fontdirectory/leaguescript/builds/build/LeagueScript-TTF.ttf
$ mv /home/travis/build/fontdirectory/leaguescript/builds/build/LeagueScriptThin-LeagueScript.ttf.fix /home/travis/build/fontdirectory/leaguescript/builds/build/LeagueScriptThin-LeagueScript.ttf
$ mv /home/travis/build/fontdirectory/leaguescript/builds/build/LeagueScript-LeagueScript.ttf.fix /home/travis/build/fontdirectory/leaguescript/builds/build/LeagueScript-LeagueScript.ttf
$ fontbakery-fix-vertical-metrics.py /home/travis/build/fontdirectory/leaguescript/builds/build/LeagueScript-TTF.ttf /home/travis/build/fontdirectory/leaguescript/builds/build/LeagueScriptThin-LeagueScript.ttf /home/travis/build/fontdirectory/leaguescript/builds/build/LeagueScript-LeagueScript.ttf
Parameter              LeagueScript-TTF.ttf    LeagueScriptThin-LeagueScript.ttf    LeagueScript-LeagueScript.ttf    
ymax                   1315                    1316                                 1315                             
hhea.ascent            1316                    1316                                 1316                             
OS/2.sTypoAscender     1316                    1316                                 1316                             
OS/2.usWinAscent       1316                    1316                                 1316                             
ymin                   -598                    -598                                 -598                             
hhea.descent           -598                    -598                                 -598                             
OS/2.sTypoDescender    -598                    -598                                 -598                             
OS/2.usWinDescent      598                     598                                  598                              
hhea.lineGap           0                       0                                    0                                
OS/2.sTypoLineGap      0                       0                                    0                                
hhea total             1914                    1914                                 1914                             
typo total             1914                    1914                                 1914                             
win total              1914                    1914                                 1914                             
UPM:Heights            1536:1913               1000:1914                            1536:1913                        
UPM:Heights %          124 %                   191 %                                124 %                            


bakery_lint.tests.downstream.test_check_vertical_metrics.CheckVerticalAscentMetrics.test_metrics_ascents_equal_bbox(): OK
bakery_lint.tests.downstream.test_check_vertical_metrics.CheckVerticalDescentMetrics.test_metrics_descents_equal_bbox(): OK
bakery_lint.tests.downstream.test_check_upm_heights_less_120.TestCheckUPMHeightsLess120.test_check_upm_heigths_less_120(): FAIL
bakery_lint.tests.downstream.test_check_unused_glyph_data.CheckUnusedGlyphData.test_check_unused_glyph_data(): ERROR
bakery_lint.tests.downstream.test_check_unencoded_glyph.TestFontUnencodedGlyph.test_font_unencoded_glyphs(): FAIL
$ fontbakery-fix-glyph-private-encoding.py --autofix /home/travis/build/fontdirectory/leaguescript/builds/build/LeagueScript-TTF.ttf
$ mv /home/travis/build/fontdirectory/leaguescript/builds/build/LeagueScript-TTF.ttf.fix /home/travis/build/fontdirectory/leaguescript/builds/build/LeagueScript-TTF.ttf
bakery_lint.tests.downstream.test_check_unencoded_glyph.TestFontUnencodedGlyph.test_font_unencoded_glyphs(): FAIL
bakery_lint.tests.downstream.test_check_panose_identification.CheckPanoseIdentification.test_check_panose_identification(): OK
bakery_lint.tests.downstream.test_check_os2_width_class.CheckOS2WidthClass.test_check_os2_width_class(): OK
bakery_lint.tests.downstream.test_check_no_problematic_formats.CheckNoProblematicFormats.test_check_no_problematic_formats(): OK
bakery_lint.tests.downstream.test_check_nbsp_width_matches_sp_width.CheckNbspWidthMatchesSpWidth.test_check_nbsp_width_matches_sp_width(): FAIL
$ fontbakery-fix-nbsp.py /home/travis/build/fontdirectory/leaguescript/builds/build/LeagueScript-TTF.ttf
$ mv /home/travis/build/fontdirectory/leaguescript/builds/build/LeagueScript-TTF.ttf.fix /home/travis/build/fontdirectory/leaguescript/builds/build/LeagueScript-TTF.ttf
bakery_lint.tests.downstream.test_check_nbsp_width_matches_sp_width.CheckNbspWidthMatchesSpWidth.test_check_nbsp_width_matches_sp_width(): FAIL
bakery_lint.tests.downstream.test_check_names_same_across_platforms.CheckNamesSameAcrossPlatforms.test_check_names_same_across_platforms(): OK
bakery_lint.tests.downstream.test_check_name_table_recommendation.CheckStyleNameRecommendation.test_check_stylename_is_under_recommendations(): FAIL
$ fontbakery-fix-opentype-names.py /home/travis/build/fontdirectory/leaguescript/builds/build/LeagueScript-TTF.ttf
$ mv /home/travis/build/fontdirectory/leaguescript/builds/build/LeagueScript-TTF.ttf.fix /home/travis/build/fontdirectory/leaguescript/builds/build/LeagueScript-TTF.ttf
bakery_lint.tests.downstream.test_check_name_table_recommendation.CheckStyleNameRecommendation.test_check_stylename_is_under_recommendations(): FAIL
bakery_lint.tests.downstream.test_check_name_table_recommendation.CheckOTFamilyNameRecommendation.test_check_opentype_familyname(): OK
bakery_lint.tests.downstream.test_check_name_table_recommendation.CheckOTStyleNameRecommendation.test_check_opentype_stylename(): FAIL
$ fontbakery-fix-opentype-names.py /home/travis/build/fontdirectory/leaguescript/builds/build/LeagueScript-TTF.ttf
$ mv /home/travis/build/fontdirectory/leaguescript/builds/build/LeagueScript-TTF.ttf.fix /home/travis/build/fontdirectory/leaguescript/builds/build/LeagueScript-TTF.ttf
bakery_lint.tests.downstream.test_check_name_table_recommendation.CheckOTStyleNameRecommendation.test_check_opentype_stylename(): FAIL
bakery_lint.tests.downstream.test_check_name_table_recommendation.CheckOTFullNameRecommendation.test_check_opentype_fullname(): OK
bakery_lint.tests.downstream.test_check_magic_prep_code.CheckMagicPREPByteCode.test_prep_magic_code(): FAIL
bakery_lint.tests.downstream.test_check_license_included.CheckLicenseIncluded.test_license_included_in_font_names(): OK
bakery_lint.tests.downstream.test_check_italic_angle_agreement.CheckItalicAngleAgreement.test_check_italic_angle_agreement(): OK
bakery_lint.tests.downstream.test_check_hmtx_hhea_max_advance_width_agreement.CheckHmtxHheaMaxAdvanceWidthAgreement.test_check_hmtx_hhea_max_advance_width_agreement(): OK
bakery_lint.tests.downstream.test_check_glyph_existence.CheckGlyphExistence.test_euro(): OK
bakery_lint.tests.downstream.test_check_glyph_existence.CheckGlyphExistence.test_nbsp(): OK
bakery_lint.tests.downstream.test_check_glyph_existence.CheckGlyphExistence.test_space(): OK
bakery_lint.tests.downstream.test_check_glyf_table_length.CheckGlyfTableLength.test_check_glyf_table_length(): FAIL
bakery_lint.tests.downstream.test_check_full_font_name_begins_with_family_name.CheckFullFontNameBeginsWithFamilyName.test_check_full_font_name_begins_with_family_name(): OK
bakery_lint.tests.downstream.test_check_fontname_matches_macstyle.CheckFontNameEqualToMacStyleFlags.test_fontname_is_equal_to_macstyle(): FAIL
bakery_lint.tests.downstream.test_check_font_tables.CheckFontHasDsigTable.test_check_font_has_dsig_table(): OK
bakery_lint.tests.downstream.test_check_font_tables.CheckFontHasNotKernTable.test_no_kern_table_exists(): OK
bakery_lint.tests.downstream.test_check_font_agreements.CheckFsTypeIsNotSet.test_is_fstype_not_set(): OK
$ fontbakery-fix-fstype.py --autofix /home/travis/build/fontdirectory/leaguescript/builds/build/LeagueScript-TTF.ttf
$ mv /home/travis/build/fontdirectory/leaguescript/builds/build/LeagueScript-TTF.ttf.fix /home/travis/build/fontdirectory/leaguescript/builds/build/LeagueScript-TTF.ttf
bakery_lint.tests.downstream.test_check_font_agreements.CheckFontAgreements.test_em_is_1000(): FAIL
bakery_lint.tests.downstream.test_check_font_agreements.CheckFontAgreements.test_font_is_font(): OK
bakery_lint.tests.downstream.test_check_font_agreements.CheckFontAgreements.test_latin_file_exists(): FAIL
bakery_lint.tests.downstream.test_check_font_agreements.CheckFontAgreements.test_menu_file_exists(): FAIL
### Optimize TTF LeagueScript-TTF.ttf
$ ls -l 'LeagueScript-TTF.ttf'* # look at the size savings of that subset process
LeagueScript-TTF.ttf.opt: 40380 bytes
LeagueScript-TTF.ttf: 41628 bytes
$ mv /home/travis/build/fontdirectory/leaguescript/builds/build/LeagueScript-TTF.ttf.opt /home/travis/build/fontdirectory/leaguescript/builds/build/LeagueScript-TTF.ttf
### Autohint TTFs (ttfautohint) LeagueScript-TTF.ttf
$ ttfautohint -l 7 -r 28 -G 50 -x 13 -w "G" /home/travis/build/fontdirectory/leaguescript/builds/build/LeagueScript-TTF.ttf '/home/travis/build/fontdirectory/leaguescript/builds/build/LeagueScript-TTF.autohint.ttf'

$ ls -l /home/travis/build/fontdirectory/leaguescript/builds/build/LeagueScript-TTF.*ttf # look at the size savings of that subset process
/home/travis/build/fontdirectory/leaguescript/builds/build/LeagueScript-TTF.ttf: 40380 bytes
/home/travis/build/fontdirectory/leaguescript/builds/build/LeagueScript-TTF.autohint.ttf: 60652 bytes
$ mv /home/travis/build/fontdirectory/leaguescript/builds/build/LeagueScript-TTF.autohint.ttf /home/travis/build/fontdirectory/leaguescript/builds/build/LeagueScript-TTF.ttf
### Subset TTFs (pyftsubset) LeagueScript-TTF.ttf
$ pyftsubset LeagueScript-TTF.latin
$ pyftsubset LeagueScript-TTF.menu
strippedname:/home/travis/build/fontdirectory/leaguescript/builds/build/LeagueScript-TTF.ttf
spaceWidth is    412
nbspWidth is     412
Nothing to do
### (5 of 6) Generate METADATA.json (fontbakery-build-metadata.py)
$ fontbakery-build-metadata.py /home/travis/build/fontdirectory/leaguescript/builds/build
{} exists
FATAL: No *-Regular.ttf found to set family name!
WARNING: No *-Regular.ttf to calculate gzipped filesize!
Family Name: UNKNOWN
PS Name: LeagueScript
Full Name: League Script
Style: normal
Weight: 400
Filename: LeagueScript-TTF.ttf
Copyright:
Family Name: UNKNOWN
PS Name: LeagueScript
Full Name: League Script
Style: normal
Weight: 400
Filename: LeagueScript-LeagueScript.ttf
Copyright:
Family Name: UNKNOWN
PS Name: LeagueScriptThin-Regular
Full Name: LeagueScriptThin-Regular
Style: normal
Weight: 400
Filename: LeagueScriptThin-LeagueScript.ttf
Copyright: Generated in 2011 by FontLab Studio. Copyright info pending.
### (6 of 6) Run tests for METADATA.json
$ fontbakery-check.py metadata METADATA.json
bakery_lint.tests.metadata_test.MetadataSubsetsListTest.test_charset_latin(): FAIL
bakery_lint.tests.metadata_test.MetadataSubsetsListTest.test_charset_menu(): FAIL
bakery_lint.tests.metadata_test.MetadataTest.test_description_is_more_than_500b(): FAIL
bakery_lint.tests.metadata_test.MetadataTest.test_description_is_valid_html(): OK
bakery_lint.tests.metadata_test.MetadataTest.test_does_not_familyName_exist_in_daltonmaag_catalogue(): FAIL
bakery_lint.tests.metadata_test.MetadataTest.test_does_not_familyName_exist_in_fontbureau_catalogue(): OK
bakery_lint.tests.metadata_test.MetadataTest.test_does_not_familyName_exist_in_fontscom_catalogue(): FAIL
bakery_lint.tests.metadata_test.MetadataTest.test_does_not_familyName_exist_in_fontshop_catalogue(): FAIL
bakery_lint.tests.metadata_test.MetadataTest.test_does_not_familyName_exist_in_fontsmith_catalogue(): FAIL
bakery_lint.tests.metadata_test.MetadataTest.test_does_not_familyName_exist_in_houseind_catalogue(): FAIL
bakery_lint.tests.metadata_test.MetadataTest.test_does_not_familyName_exist_in_myfonts_catalogue(): OK
bakery_lint.tests.metadata_test.MetadataTest.test_does_not_familyName_exist_in_veer_catalogue(): OK
bakery_lint.tests.metadata_test.MetadataTest.test_family_is_listed_in_gwf(): OK
bakery_lint.tests.metadata_test.MetadataTest.test_metadata_atleast_latin_menu_subsets_exist(): OK
/home/travis/virtualenv/python2.7.8/lib/python2.7/site-packages/bakery_lint/tests/metadata_test.py:141: UnicodeWarning: Unicode equal comparison failed to convert both arguments to Unicode - interpreting them as being unequal
  self.assertTrue(designer in designers,
bakery_lint.tests.metadata_test.MetadataTest.test_metadata_designer_exists_in_profiles_csv(): OK
bakery_lint.tests.metadata_test.MetadataTest.test_metadata_fonts_items_dicts(): OK
bakery_lint.tests.metadata_test.MetadataTest.test_metadata_fonts_key_list(): OK
bakery_lint.tests.metadata_test.MetadataTest.test_metadata_fonts_no_dupes(): OK
bakery_lint.tests.metadata_test.MetadataTest.test_metadata_has_unique_style_weight_pairs(): OK
bakery_lint.tests.metadata_test.MetadataTest.test_metadata_keys(): OK
bakery_lint.tests.metadata_test.MetadataTest.test_metadata_license(): OK
bakery_lint.tests.metadata_test.MetadataTest.test_metadata_no_unknown_top_keys(): OK
bakery_lint.tests.metadata_test.MetadataTest.test_metadata_subsets_key_list(): OK
bakery_lint.tests.metadata_test.MetadataTest.test_metadata_top_keys_types(): OK
bakery_lint.tests.downstream.test_metadata_font_copyright.CheckMetadataContainsReservedFontName.test_copyright_contains_correct_rfn(): FAIL
bakery_lint.tests.downstream.test_metadata_font_copyright.CheckMetadataContainsReservedFontName.test_copyright_is_consistent_across_family(): OK
bakery_lint.tests.downstream.test_metadata_font_copyright.CheckMetadataContainsReservedFontName.test_copyright_matches_pattern(): OK
bakery_lint.tests.downstream.test_metadata_font_copyright.CheckMetadataContainsReservedFontName.test_metadata_copyright_size(): OK
bakery_lint.tests.downstream.test_metadata_agreements.TestFontOnDiskFamilyEqualToMetadataJSON.test_font_on_disk_family_equal_in_metadata_json(): OK
bakery_lint.tests.downstream.test_metadata_agreements.TestPostScriptNameInMetadataEqualFontOnDisk.test_postscriptname_in_metadata_equal_to_font_on_disk(): OK
bakery_lint.tests.downstream.test_metadata_agreements.CheckMetadataAgreements.test_font_name_matches_family(): ERROR
bakery_lint.tests.downstream.test_metadata_agreements.CheckMetadataAgreements.test_metadata_family_values_are_all_the_same(): OK
bakery_lint.tests.downstream.test_metadata_agreements.CheckMetadataAgreements.test_metadata_filename_matches_postscriptname(): OK
bakery_lint.tests.downstream.test_metadata_agreements.CheckMetadataAgreements.test_metadata_font_have_regular(): OK
bakery_lint.tests.downstream.test_metadata_agreements.CheckMetadataAgreements.test_metadata_fonts_fields_have_fontname(): ERROR
bakery_lint.tests.downstream.test_metadata_agreements.CheckMetadataAgreements.test_metadata_fullname_is_equal_to_internal_font_fullname(): ERROR
bakery_lint.tests.downstream.test_metadata_agreements.CheckMetadataAgreements.test_metadata_fullname_matches_postScriptName(): OK
bakery_lint.tests.downstream.test_metadata_agreements.CheckMetadataAgreements.test_metadata_regular_is_400(): FAIL
bakery_lint.tests.downstream.test_metadata_agreements.CheckMetadataAgreements.test_metadata_regular_is_normal(): FAIL
bakery_lint.tests.downstream.test_check_text_files_exist.CheckTextFilesExist.test_copyrighttxt_exists(): FAIL
bakery_lint.tests.downstream.test_check_text_files_exist.CheckTextFilesExist.test_description_exists(): OK
bakery_lint.tests.downstream.test_check_text_files_exist.CheckTextFilesExist.test_fontlogtxt_exists(): FAIL
bakery_lint.tests.downstream.test_check_text_files_exist.CheckTextFilesExist.test_licensetxt_exists(): FAIL
bakery_lint.tests.downstream.test_check_subsets_exists.CheckSubsetsExist.test_check_subsets_exists(): FAIL
bakery_lint.tests.downstream.test_check_monospace_agreements.CheckMonospaceAgreement.test_check_monospace_agreement(): OK
bakery_lint.tests.downstream.test_check_metadata_style_matches_names.CheckItalicStyleMatchesMacStyle.test_check_italic_style_matches_names(): OK
bakery_lint.tests.downstream.test_check_metadata_style_matches_names.CheckNormalStyleMatchesMacStyle.test_check_normal_style_matches_names(): ERROR
bakery_lint.tests.downstream.test_check_metadata_matches_nametable.CheckMetadataMatchesNameTable.test_check_metadata_matches_nametable(): ERROR
bakery_lint.tests.downstream.test_check_metadata_fields.CheckMetadataFields.test_check_metadata_fields(): OK
bakery_lint.tests.downstream.test_check_menu_contains_proper_glyphs.CheckMenuSubsetContainsProperGlyphs.test_check_menu_contains_proper_glyphs(): ERROR
bakery_lint.tests.downstream.test_check_glyph_consistency.CheckGlyphConsistencyInFamily.test_the_same_encodings_of_glyphs_across_family(): ERROR
bakery_lint.tests.downstream.test_check_glyph_consistency.CheckGlyphConsistencyInFamily.test_the_same_names_of_glyphs_across_family(): ERROR
bakery_lint.tests.downstream.test_check_glyph_consistency.CheckGlyphConsistencyInFamily.test_the_same_number_of_glyphs_across_family(): ERROR
bakery_lint.tests.downstream.test_check_font_name_not_in_camelcase.CheckFontNameNotInCamelCase.test_fontname_not_in_camel_case(): OK
bakery_lint.tests.downstream.test_check_files_menu_agreements.CheckFontsMenuAgreements.test_menu_file_agreement(): FAIL
bakery_lint.tests.downstream.test_check_familyname_matches_fontnames.CheckFamilyNameMatchesFontNames.test_check_familyname_matches_fontnames(): OK
bakery_lint.tests.downstream.test_check_canonical_weights.CheckCanonicalWeights.test_check_canonical_weights(): ERROR
bakery_lint.tests.downstream.test_check_canonical_weights.CheckPostScriptNameMatchesWeight.test_postscriptname_contains_correct_weight(): FAIL
bakery_lint.tests.downstream.test_check_canonical_weights.CheckFontWeightSameAsInMetadata.test_font_weight_same_as_in_metadata(): ERROR
bakery_lint.tests.downstream.test_check_canonical_weights.CheckFullNameEqualCanonicalName.test_metadata_contains_current_font(): ERROR
bakery_lint.tests.downstream.test_check_canonical_styles.CheckCanonicalStyles.test_check_canonical_styles(): ERROR
bakery_lint.tests.downstream.test_check_canonical_filenames.CheckCanonicalFilenames.test_check_canonical_filenames(): FAIL
{
  "name": "League Script", 
  "designer": "Haley Fiege", 
  "license": "OFL", 
  "visibility": "External", 
  "category": "Handwriting", 
  "size": 39623, 
  "fonts": [
    {
      "name": "UNKNOWN", 
      "postScriptName": "LeagueScript", 
      "fullName": "League Script", 
      "style": "normal", 
      "weight": 400, 
      "filename": "LeagueScript-TTF.ttf", 
      "copyright": ""
    }, 
    {
      "name": "UNKNOWN", 
      "postScriptName": "LeagueScript", 
      "fullName": "League Script", 
      "style": "normal", 
      "weight": 400, 
      "filename": "LeagueScript-LeagueScript.ttf", 
      "copyright": ""
    }, 
    {
      "name": "UNKNOWN", 
      "postScriptName": "LeagueScriptThin-Regular", 
      "fullName": "LeagueScriptThin-Regular", 
      "style": "normal", 
      "weight": 400, 
      "filename": "LeagueScriptThin-LeagueScript.ttf", 
      "copyright": "Generated in 2011 by FontLab Studio. Copyright info pending."
    }
  ], 
  "subsets": [
    "latin", 
    "menu"
  ], 
  "dateAdded": "2011-03-09"
}
